2025-12-29T23:29:14+03:00 Loaded 24 targets from targets.yaml
2025-12-29T23:29:14+03:00 Using SOCKS5 proxy: 127.0.0.1:9150
2025-12-29T23:29:53+03:00 Tor check: ip=2.58.56.43 is_tor=true
2025-12-29T23:30:00+03:00 [INFO] Scanning: http://xdorrcw7bousfkihvln6xiij3eiivttkmpmszcacj2mtbozfd3f3eaid.onion/ -> SUCCESS (HTTP 200) saved=xdorrcw7bousfkihvln6xiij3eiivttkmpmszcacj2mtbozfd3f3eaid.onion_989f65e236d3e02e.html dur=7.398977s
2025-12-29T23:30:01+03:00 [INFO] Scanning: http://fgun35p2eb7zrrdmyovrvud42ypifhltq5uhtzfzoxilveadgj2znmqd.onion/ -> SUCCESS (HTTP 200) saved=fgun35p2eb7zrrdmyovrvud42ypifhltq5uhtzfzoxilveadgj2znmqd.onion_942bb6e0b6f60afb.html dur=8.1926102s
2025-12-29T23:30:01+03:00 [INFO] Scanning: http://drugd26zrsgjygz63t4w45ayn5lmhqy5jzpzkybwgtbcbqgpsudyo3ad.onion/ -> SUCCESS (HTTP 200) saved=drugd26zrsgjygz63t4w45ayn5lmhqy5jzpzkybwgtbcbqgpsudyo3ad.onion_3dfee268f9068009.html dur=8.2007993s
2025-12-29T23:30:03+03:00 [INFO] Scanning: http://ly75dbzixy7hlp663j32xo4dtoiikm6bxb53jvivqkpo6jwppptx3sad.onion/ -> SUCCESS (HTTP 200) saved=ly75dbzixy7hlp663j32xo4dtoiikm6bxb53jvivqkpo6jwppptx3sad.onion_463b071c5f59f508.html dur=9.9309532s
2025-12-29T23:30:09+03:00 [INFO] Scanning: http://hackeoyrzjy3ob4cdr2q56bgp7cpatruphcxvgbfsiw6zeqcc36e4ryd.onion/ -> SUCCESS (HTTP 200) saved=hackeoyrzjy3ob4cdr2q56bgp7cpatruphcxvgbfsiw6zeqcc36e4ryd.onion_49d027a31dcb35c6.html dur=6.3514811s
2025-12-29T23:30:09+03:00 [INFO] Scanning: http://abacuszz24rfrvwspco66laahytw7ccultkn5672zkzwkbbf3eyrv4ad.onion/ -> SUCCESS (HTTP 200) saved=abacuszz24rfrvwspco66laahytw7ccultkn5672zkzwkbbf3eyrv4ad.onion_d8c5ce3bc3f9c087.html dur=8.4563629s
2025-12-29T23:30:10+03:00 [ERR] Scanning: http://hbe23m3avplglo7jb2imgwwwcehombyhficv6scmbzvijldoa2mbkqid.onion/ -> Get "http://hbe23m3avplglo7jb2imgwwwcehombyhficv6scmbzvijldoa2mbkqid.onion/": socks connect tcp 127.0.0.1:9150->hbe23m3avplglo7jb2imgwwwcehombyhficv6scmbzvijldoa2mbkqid.onion:80: unknown error unknown code: 242 (dur=17.6204758s)
2025-12-29T23:30:11+03:00 [INFO] Scanning: http://zkpckszxe37pnv3eyxxzmqgm3ftllmizzr3fdx7b6rxsbvt3rn2rzwid.onion/ -> SUCCESS (HTTP 200) saved=zkpckszxe37pnv3eyxxzmqgm3ftllmizzr3fdx7b6rxsbvt3rn2rzwid.onion_2f45a04ff7517a7b.html dur=9.5522669s
2025-12-29T23:30:13+03:00 [INFO] Scanning: https://47glxkuxyayqrvugfumgsblrdagvrah7gttfscgzn56eyss5wg3uvmqd.onion/ -> SUCCESS (HTTP 200) saved=47glxkuxyayqrvugfumgsblrdagvrah7gttfscgzn56eyss5wg3uvmqd.onion_c8c6590f61678b1d.html dur=12.9444786s
2025-12-29T23:30:17+03:00 [INFO] Scanning: http://hubooomjabebx4fntzdx7vg52celbnvk52j6wprrtqpvsdjscnklaeqd.onion/ -> SUCCESS (HTTP 200) saved=hubooomjabebx4fntzdx7vg52celbnvk52j6wprrtqpvsdjscnklaeqd.onion_7465b730b1d0917e.html dur=7.7324073s
2025-12-29T23:30:18+03:00 [INFO] Scanning: http://w4ljqtyjnxinknz4hszn4bsof7zhfy5z2h4srfss4vvkoikiwz36o3id.onion/ -> SUCCESS (HTTP 200) saved=w4ljqtyjnxinknz4hszn4bsof7zhfy5z2h4srfss4vvkoikiwz36o3id.onion_ac6c6dd746e502c6.html dur=8.8035882s
2025-12-29T23:30:19+03:00 [INFO] Scanning: http://agshopdpakxd4d22wo5agavun63yss3drrtu32d7icfhmnrdumnlrhad.onion/ -> SUCCESS (HTTP 200) saved=agshopdpakxd4d22wo5agavun63yss3drrtu32d7icfhmnrdumnlrhad.onion_ae25e8d6223a98ff.html dur=6.0215364s
2025-12-29T23:30:20+03:00 [INFO] Scanning: http://bfdforumon7c2iprvgeqmdlbczvwahbqgz2y7ft5uodmijfl4tbqvnad.onion/ -> SUCCESS (HTTP 200) saved=bfdforumon7c2iprvgeqmdlbczvwahbqgz2y7ft5uodmijfl4tbqvnad.onion_b4e50e7e64946a84.html dur=9.1297724s
2025-12-29T23:30:24+03:00 [ERR] Scanning: http://canna4ajnpmjs7rtsrng2lrgy7oinyjyii5inysnb3u6j2n4firsoxqd.onion/ -> Get "http://canna4ajnpmjs7rtsrng2lrgy7oinyjyii5inysnb3u6j2n4firsoxqd.onion/": socks connect tcp 127.0.0.1:9150->canna4ajnpmjs7rtsrng2lrgy7oinyjyii5inysnb3u6j2n4firsoxqd.onion:80: unknown error unknown code: 240 (dur=13.4551332s)
2025-12-29T23:30:24+03:00 [INFO] Scanning: http://goldentgwgtrmxxfopbfxwl7enamd2zvray7jl3p46l6igrdpsbs27qd.onion/ -> SUCCESS (HTTP 200) saved=goldentgwgtrmxxfopbfxwl7enamd2zvray7jl3p46l6igrdpsbs27qd.onion_8828b57822cdb32c.html dur=7.2511457s
2025-12-29T23:30:26+03:00 [INFO] Scanning: http://6hqdzbjehwq5gw6v3h6ifkgcgxlmgcw52lieunsmanmwformtuzyosid.onion/ -> SUCCESS (HTTP 200) saved=6hqdzbjehwq5gw6v3h6ifkgcgxlmgcw52lieunsmanmwformtuzyosid.onion_b85c4afe46b7d014.html dur=7.2833656s
2025-12-29T23:30:28+03:00 [INFO] Scanning: http://narcomknrmkscjvdyh5gd3jm5b54axgk7ec3ixwsjulj7fldkodorvyd.onion/ -> SUCCESS (HTTP 200) saved=narcomknrmkscjvdyh5gd3jm5b54axgk7ec3ixwsjulj7fldkodorvyd.onion_104892dc1af45e38.html dur=8.7932491s
2025-12-29T23:30:29+03:00 [ERR] Scanning: http://cocanihdcpllcelxuncdqnwsupnlj4qm5m2nfrgtgy2mjmdfwmbsqcyd.onion/ -> Get "http://cocanihdcpllcelxuncdqnwsupnlj4qm5m2nfrgtgy2mjmdfwmbsqcyd.onion/": socks connect tcp 127.0.0.1:9150->cocanihdcpllcelxuncdqnwsupnlj4qm5m2nfrgtgy2mjmdfwmbsqcyd.onion:80: unknown error unknown code: 240 (dur=9.8215281s)
2025-12-29T23:30:32+03:00 [INFO] Scanning: http://6zvxrd7xiskyqtcmo7mzmf7tmk2vtpcotw3xskkih5cn3u6jlki2l6ad.onion/ -> SUCCESS (HTTP 200) saved=6zvxrd7xiskyqtcmo7mzmf7tmk2vtpcotw3xskkih5cn3u6jlki2l6ad.onion_145f5a3a14ecfb0a.html dur=4.5599286s
2025-12-29T23:30:35+03:00 [INFO] Scanning: http://qjq35in4r3q75zpkduf64x6ibzkhzkfywy2325mm3jh575uq2l5macid.onion/ -> SUCCESS (HTTP 200) saved=qjq35in4r3q75zpkduf64x6ibzkhzkfywy2325mm3jh575uq2l5macid.onion_cab08e20c546bff8.html dur=9.5675062s
2025-12-29T23:30:37+03:00 [INFO] Scanning: http://giwi3nbhsbf6my6ybzxbetedzm6vbioeqr2vu5o6w6hvy4dq7vekz7yd.onion/ -> SUCCESS (HTTP 200) saved=giwi3nbhsbf6my6ybzxbetedzm6vbioeqr2vu5o6w6hvy4dq7vekz7yd.onion_9de28a24cee7d4a4.html dur=4.4103324s
2025-12-29T23:30:38+03:00 [INFO] Scanning: http://smoketipyeamgeiptntg4ppafzwjpvoj6zjizbpwfmrgabkr5g54vryd.onion/ -> SUCCESS (HTTP 200) saved=smoketipyeamgeiptntg4ppafzwjpvoj6zjizbpwfmrgabkr5g54vryd.onion_03d103916306c26f.html dur=13.5627998s
2025-12-29T23:30:39+03:00 [INFO] Scanning: http://fakeidagelpcldqjkx7f5isgdxn3qts53zsxea5f6yxvasdaryigcuyd.onion/ -> SUCCESS (HTTP 200) saved=fakeidagelpcldqjkx7f5isgdxn3qts53zsxea5f6yxvasdaryigcuyd.onion_06903ecee1fbb19e.html dur=9.5421547s
2025-12-29T23:31:09+03:00 [ERR] Scanning: http://swipeklwsr7tldeva4nu4abr7nsf2lrtsvum7yqi6uvefhvqvgsrmdqd.onion/ -> Get "http://swipeklwsr7tldeva4nu4abr7nsf2lrtsvum7yqi6uvefhvqvgsrmdqd.onion/": context deadline exceeded (dur=45.0004664s)
2025-12-29T23:31:09+03:00 DONE. success=20 fail=4 report=output\scan_report.log
